$ a banter c d e f grass ho i lience m n o p r s t u verance weed 
horse n ss weed $ e o $ ifference $ a d ed nce r si verance erence ference $ pper ence fference lience stance $ $ puter ce ter mputer pper r unter er per uter $ a e m se $ e hopper i s t ance er orm nter ter $ $ 
$ ce ter $ $ $ mputer unter $ horse weed $ $ $ $ ance ence severance lience $ $ $ $ $ $ $ $ $ $ $ $ m se $ $ $ $ nce ss nce si $ $ $ a verance $ lience stance $ hopper ance orm $ $ $ $ $ 
$ $ $ $ $ $ $ $ $ $ $ $ $ $ $ lience horse weed $ $ $ $ $ $ 
$ $ $ 
